<html>
<head>

  <link rel="stylesheet" href="/css/combined.css"/>

</head>
<body>


  <link rel="stylesheet" href="/css/combined2.css"/>


<script src="scripts/combined.js"></script>

<script src="scripts/combined2.js"></script>
</body>
</html>